2024-06-20T17:29:19  chore: bump dev tooling
2024-07-06T12:46:26  docs: expand examples
2024-07-29T19:03:33  test: strengthen coverage
2024-08-15T14:20:40  chore: tune defaults
2024-09-07T09:37:47  refactor: simplify helper
2024-10-01T16:54:54  chore: routine maintenance
2024-11-10T11:11:01  docs: clarify usage notes
2024-12-04T18:28:08  test: add edge case
2024-12-27T13:45:15  refactor: tidy internals
2025-01-13T08:02:22  fix: handle empty input gracefully
2025-02-05T15:19:29  perf: micro-optimization
2025-03-01T10:36:36  style: formatting
2025-04-10T17:53:43  chore: bump dev tooling
2025-05-04T12:10:50  docs: expand examples
2025-05-27T19:27:57  test: strengthen coverage
2025-06-13T14:44:04  chore: tune defaults
2025-07-06T09:01:11  refactor: simplify helper
2025-07-29T16:18:18  chore: routine maintenance
2025-08-15T11:35:25  docs: clarify usage notes
2025-10-01T18:52:32  test: add edge case
2025-10-18T13:09:39  refactor: tidy internals
2025-11-10T08:26:46  fix: handle empty input gracefully
2025-12-04T15:43:53  perf: micro-optimization
2025-12-20T10:00:00  style: formatting
2026-01-13T17:17:07  chore: bump dev tooling
2026-02-05T12:34:14  docs: expand examples
2026-03-18T19:51:21  test: strengthen coverage
2026-04-10T14:08:28  chore: tune defaults
